// Vitest Snapshot v1, https://vitest.dev/guide/snapshot.html

exports[`SearchBar > should render the component correctly 1`] = `
<div>
  <div
    class="search-container"
  >
    <input
      placeholder=""
      type="text"
      value=""
    />
    <button>
      Buscar
    </button>
  </div>
</div>
`;
